// Jest Snapshot v1, https://goo.gl/fbAQLP

exports[`<Form /> renders the <Form /> with an error 1`] = `
<div
  class="form__Container-sc-2beh82-0 ijMOnu"
>
  <div
    class="form__Error-sc-2beh82-1 govGSV"
  >
    Your email address is already being used
  </div>
  <button
    class="form__Submit-sc-2beh82-8 iUUQoB"
    type="submit"
  >
    Sign In
  </button>
</div>
`;

exports[`<Form /> renders the <Form /> with populated data 1`] = `
<div
  class="form__Container-sc-2beh82-0 ijMOnu"
>
  <h1
    class="form__Title-sc-2beh82-3 kfxAJM"
  >
    Sign In Now
  </h1>
  <form
    class="form__Base-sc-2beh82-2 gvSIUr"
  >
    <input
      class="form__Input-sc-2beh82-7 fyfynG"
      placeholder="Email address"
    />
    <input
      class="form__Input-sc-2beh82-7 fyfynG"
      placeholder="Password"
      type="password"
    />
    <button
      class="form__Submit-sc-2beh82-8 iUUQoB"
      disabled=""
      type="submit"
    >
      Sign In
    </button>
  </form>
  <p
    class="form__Text-sc-2beh82-4 jrGkwB"
  >
    New to Netflix? 
  </p>
  <p
    class="form__TextSmall-sc-2beh82-5 cJNtkR"
  >
    This page is protected by Google reCAPTCHA to ensure you're not a bot. Learn more.
  </p>
</div>
`;
