// Jest Snapshot v1, https://goo.gl/fbAQLP

exports[`<OptForm /> renders the <OptForm /> with populated data 1`] = `
<div
  class="opt-form__Container-sc-1vpo3b4-0 glva-de"
>
  <input
    class="opt-form__Input-sc-1vpo3b4-1 imlEuP"
    placeholder="Email address"
  />
  <button
    class="opt-form__Button-sc-1vpo3b4-3 fpHpXf"
  >
    Try it now
     
    <img
      alt="Try now"
      src="/images/icons/chevron-right.png"
    />
  </button>
  <div
    class="opt-form__Break-sc-1vpo3b4-2 eGvjJO"
  />
  <p
    class="opt-form__Text-sc-1vpo3b4-4 ciymWP"
  >
    Ready to watch? Enter your email to create or restart your membership.
  </p>
</div>
`;
