// Jest Snapshot v1, https://goo.gl/fbAQLP

exports[`<Player /> renders the <Player /> with a video 1`] = `
<div
  class="player__Container-sc-1h022ym-0"
>
  <button
    class="player__Button-sc-1h022ym-4 iekBdc"
  >
    Play
  </button>
</div>
`;
